Microsoft (R) Macro Assembler Version 5.00                  10/3/25 21:52:46
                                                             Page     1-1


				.model small 
 0040				.stack 64 
 0000				.data 
 0000  0001			    tmp dw 1 
 0002  0000			    sum dw 0 
 0000				.code 
 0000				start: 
 0000  B8 ---- R		    mov ax,@data 
 0003  8E D8			    mov ds,ax 
 0005  B9 03E8			    mov cx,1000 
 0008				    for_loop: 
 0008  A1 0000 R		        mov ax,tmp 
 000B  01 06 0002 R		        add sum,ax 
 000F  83 06 0000 R 01		        add tmp,1 
 0014  E2 F2			    loop for_loop 
 0016  B8 4C00			    mov ax,4c00h 
 0019  CD 21			    int 21h 
 001B				end start 
Microsoft (R) Macro Assembler Version 5.00                  10/3/25 21:52:46
                                                             Symbols-1


Segments and Groups:

                N a m e         	Length	 Align	Combine Class

DGROUP . . . . . . . . . . . . .  	GROUP
  _DATA  . . . . . . . . . . . .  	0004	WORD	PUBLIC	'DATA'
  STACK  . . . . . . . . . . . .  	0040	PARA	STACK	'STACK'
_TEXT  . . . . . . . . . . . . .  	001B	WORD	PUBLIC	'CODE'

Symbols:            

                N a m e         	Type	 Value	 Attr

FOR_LOOP . . . . . . . . . . . .  	L NEAR	0008	_TEXT

START  . . . . . . . . . . . . .  	L NEAR	0000	_TEXT
SUM  . . . . . . . . . . . . . .  	L WORD	0002	_DATA

TMP  . . . . . . . . . . . . . .  	L WORD	0000	_DATA

@CODE  . . . . . . . . . . . . .  	TEXT  _TEXT		
@CODESIZE  . . . . . . . . . . .  	TEXT  0		
@DATASIZE  . . . . . . . . . . .  	TEXT  0		
@FILENAME  . . . . . . . . . . .  	TEXT  sigma		


     18 Source  Lines
     18 Total   Lines
     18 Symbols

  51160 + 465368 Bytes symbol space free

      0 Warning Errors
      0 Severe  Errors
