Microsoft (R) Macro Assembler Version 5.00                  9/29/25 19:55:13
                                                             Page     1-1


				.model small 
 0040				.stack 64 
 0000				.data 
 0000  68 65 6C 6C 6F 20 57	hello db "hello World",0dh,0ah,'$' 
       6F 72 6C 64 0D 0A 24	
 0000				.code 
 0000				start: 
 0000  B8 ---- R		    mov ax,@data 
 0003  8E D8			    mov ds,ax 
 0005  8D 16 0000 R		    lea dx,hello 
 0009  B4 09			    mov ah,9 
 000B  CD 21			    int 21h 
 000D  B8 4C00			    mov ax,4c00h 
 0010  CD 21			    int 21h 
 0012				end start 
Microsoft (R) Macro Assembler Version 5.00                  9/29/25 19:55:13
                                                             Symbols-1


Segments and Groups:

                N a m e         	Length	 Align	Combine Class

DGROUP . . . . . . . . . . . . .  	GROUP
  _DATA  . . . . . . . . . . . .  	000E	WORD	PUBLIC	'DATA'
  STACK  . . . . . . . . . . . .  	0040	PARA	STACK	'STACK'
_TEXT  . . . . . . . . . . . . .  	0012	WORD	PUBLIC	'CODE'

Symbols:            

                N a m e         	Type	 Value	 Attr

HELLO  . . . . . . . . . . . . .  	L BYTE	0000	_DATA

START  . . . . . . . . . . . . .  	L NEAR	0000	_TEXT

@CODE  . . . . . . . . . . . . .  	TEXT  _TEXT		
@CODESIZE  . . . . . . . . . . .  	TEXT  0		
@DATASIZE  . . . . . . . . . . .  	TEXT  0		
@FILENAME  . . . . . . . . . . .  	TEXT  hello4		


     14 Source  Lines
     14 Total   Lines
     16 Symbols

  51146 + 465382 Bytes symbol space free

      0 Warning Errors
      0 Severe  Errors
